// Jest Snapshot v1, https://goo.gl/fbAQLP

exports[`SessionGroup.vue should match snapshot 1`] = `
<section>
  <sessioninfo-stub item="[object Object]"></sessioninfo-stub>
</section>
`;
