// Jest Snapshot v1, https://goo.gl/fbAQLP

exports[`SessionInfo.vue should match snapshot 1`] = `
<div class="sessionInfo"><img src="fooooo" alt="Picture of Name">
  <div class="info">
    <h3>Die Session</h3>
    <p>Name</p>
  </div>
  <div>Fav</div>
</div>
`;
